
> positiv@ test:e2e /Users/angelodias/Documents/GIT/private/positiv-project/positiv-worktrees/email-marketing-e2e-testing
> pnpm exec playwright test -- admin-newsletter-management.spec.ts

🚀 Starting global setup for E2E tests...
♻️  Using cached build
[react-router-serve] http://localhost:5173 (http://192.168.0.57:5173)
✅ Global setup completed

Running 8 tests using 1 worker

Creating test admin user: test-1755713902931-c3q5qh@example.com
GET /entrar 200 - - 52.462 ms
GET /__manifest?p=%2F&p=%2Fentrar&p=%2Fentrar%2Fesqueci&p=%2Fregistrar&version=671b693e 200 - - 3.434 ms
POST /entrar.data?index 202 - - 417.295 ms
GET /entrar.data 202 - - 630.776 ms
GET /__manifest?p=%2Fdashboard&version=671b693e 200 - - 2.082 ms
GET /dashboard.data 202 - - 1120.058 ms
GET /__manifest?p=%2Fconta%2Ftermos-e-condicoes&version=671b693e 200 - - 1.409 ms
GET /conta/termos-e-condicoes.data 200 - - 160.296 ms
GET /__manifest?p=%2Fconta&version=671b693e 200 - - 0.758 ms
POST /conta/termos-e-condicoes.data 202 - - 70.164 ms
GET /__manifest?p=%2Fconta%2Fdados-basicos&version=671b693e 200 - - 1.242 ms
GET /conta/dados-basicos.data 200 - - 103.659 ms
GET /__manifest?p=%2Fadmin&version=671b693e 200 - - 0.714 ms
POST /conta/dados-basicos.data 202 - - 73.594 ms
GET /__manifest?p=%2Fconta%2Fdados-basicos-cont&version=671b693e 200 - - 0.904 ms
GET /conta/dados-basicos-cont.data 200 - - 227.067 ms
POST /conta/dados-basicos-cont.data 202 - - 70.924 ms
GET /dashboard.data 200 - - 169.714 ms
✅ Admin authentication state saved
  ✓  1 [setup] › e2e/tests/auth/setup.ts:21:1 › authenticate as admin (8.4s)
Creating test user: test-1755713911010-nxmz29@example.com
GET /entrar 200 - - 6.513 ms
GET /__manifest?p=%2F&p=%2Fentrar&p=%2Fentrar%2Fesqueci&p=%2Fregistrar&version=671b693e 200 - - 1.588 ms
POST /entrar.data?index 202 - - 239.375 ms
GET /entrar.data 202 - - 63.099 ms
GET /__manifest?p=%2Fdashboard&version=671b693e 200 - - 0.626 ms
GET /dashboard.data 202 - - 129.712 ms
GET /__manifest?p=%2Fconta%2Ftermos-e-condicoes&version=671b693e 200 - - 0.691 ms
GET /conta/termos-e-condicoes.data 200 - - 56.089 ms
POST /conta/termos-e-condicoes.data 202 - - 51.300 ms
GET /__manifest?p=%2Fconta%2Fdados-basicos&version=671b693e 200 - - 0.752 ms
GET /conta/dados-basicos.data 200 - - 84.124 ms
GET /__manifest?p=%2Fconta&version=671b693e 200 - - 0.742 ms
POST /conta/dados-basicos.data 202 - - 169.308 ms
GET /__manifest?p=%2Fconta%2Fdados-basicos-cont&version=671b693e 200 - - 1.324 ms
GET /conta/dados-basicos-cont.data 200 - - 361.064 ms
POST /conta/dados-basicos-cont.data 202 - - 105.516 ms
GET /dashboard.data 200 - - 257.372 ms
✅ User authentication state saved
  ✓  2 [setup] › e2e/tests/auth/setup.ts:38:1 › authenticate as user (4.8s)
GET /admin/newsletters 200 - - 144.414 ms
GET /__manifest?p=%2F&p=%2Fadmin&p=%2Fadmin%2Fnewsletters%2Fnew&p=%2Fconta&p=%2Fdashboard&version=671b693e 200 - - 2.911 ms
GET /admin/newsletters/new 200 - - 297.137 ms
  ✘  3 [chromium-authenticated-admin] › e2e/tests/authenticated/admin-newsletter-management.spec.ts:26:3 › Admin Newsletter Management › admin can create and send newsletter immediately (34.5s)
GET /admin/newsletters 200 - - 344.409 ms
GET /__manifest?p=%2F&p=%2Fadmin&p=%2Fadmin%2Fnewsletters%2Fnew&p=%2Fconta&p=%2Fdashboard&version=671b693e 200 - - 2.839 ms
GET /admin/newsletters/new 200 - - 184.500 ms
  ✘  4 [chromium-authenticated-admin] › e2e/tests/authenticated/admin-newsletter-management.spec.ts:26:3 › Admin Newsletter Management › admin can create and send newsletter immediately (retry #1) (34.5s)
GET /admin/newsletters 200 - - 794.350 ms
GET /__manifest?p=%2F&p=%2Fadmin&p=%2Fadmin%2Fnewsletters%2Fnew&p=%2Fconta&p=%2Fdashboard&version=671b693e 200 - - 1.718 ms
GET /admin/newsletters/new 200 - - 191.259 ms
